// Jest Snapshot v1, https://goo.gl/fbAQLP

exports[`Testing AddScreen component with Enzyme renders correctly 1`] = `
<View
  style={
    Object {
      "alignItems": "center",
      "flex": 1,
      "justifyContent": "space-between",
    }
  }
>
  <View />
  <BottomNavigation
    cur={3}
  />
</View>
`;
