// Jest Snapshot v1, https://goo.gl/fbAQLP

exports[`Testing App component with Enzyme renders correctly 1`] = `<NavigationContainer />`;
